<!DOCTYPE html>
<html lang="en">
<head>
	<meta charset="UTF-8">
	<meta name="viewport" content="width=device-width, initial-scale=1.0">
	<title>Document</title>
	<link rel="stylesheet" href="css/reset.css">
	<link rel="stylesheet" href="libs/font-awesome/css/font-awesome.min.css">
	<link rel="stylesheet" href="libs/bootstrap/bootstrap.min.css">
	<link rel="stylesheet" href="css/style.css">
	<link rel="stylesheet" href="css/media.css">
</head>
<body>
<div id="btn_top">
	<a href="#header"><i class="fa fa-angle-double-up"></i></a>
</div>
	<header class="header " id="header" >
		<div class="container">
			<div class="row">
				<div class="col-md-12">
					<div class="logo"><a href="#"><img src="img/logo.png" alt=""></a></div>
						<nav class="menu" id="menu">
						<div class="btn_menu">
						<i class="fa fa-bars"></i></div>
					<ul>
						<li><a href="#header">Home</a></li>
						<li><a href="#services">Services</a></li>
						<li><a href="#portfolio">Porfolio</a></li>
						<li><a href="#about">About</a></li>
						<li><a href="#contact">Contact</a></li>
					</ul>
						</nav>
						<div class="home">
							<div class="text1">Welcome To Our Studio!</div>
							<div class="text2">It’s nice to Meet you</div>
							<button class="btn_home">Tell Me More</button>
						</div>
				</div>
			</div>
		</div>
	</header>
	<div class="services" id="services">
		<div class="container">
			<div class="row">
				<div class="col-md-12">
					<h2>services</h2>
					<h4>Proin iaculis purus consequat sem cure. </h4>
					<div class="items">
						<div class="col-md-4">
						<i class="fa fa-shopping-basket" aria-hidden="true"></i>
							<h3>E-Commerce</h3>
							<div class="text">Proin iaculis purus consequat sem cure 
						digni ssim. Donec porttitora entum suscipit 
						aenean rhoncus posuere odio in tincidunt.</div>
						</div>
						<div class="col-md-4">
						<i class="fa fa-laptop" aria-hidden="true"></i>
							<h3>Responsive Web</h3>
							<div class="text">Proin iaculis purus consequat sem cure 
						digni ssim. Donec porttitora entum suscipit 
						aenean rhoncus posuere odio in tincidunt.</div>
						</div>
						<div class="col-md-4">
						<i class="fa fa-lock" aria-hidden="true"></i>
							<h3>Web Security</h3>
							<div class="text">Proin iaculis purus consequat sem cure 
						digni ssim. Donec porttitora entum suscipit 
						aenean rhoncus posuere odio in tincidunt.</div>
						</div>
					</div>
				</div>
			</div>
		</div>
	</div>
	<div class="portfolio" id="portfolio">
		<div class="container">
			<div class="row">
				<div class="col-md-12">
					<h2>Our portfolio</h2>
					<h4>Proin iaculis purus consequat sem cure.</h4>
				</div>
				<div class="col-md-4">
					<img src="img/port_1.jpg" alt="">
					<h3>Ebony & Ivory</h3>
					<div class="text">Branding</div>
				</div>
				<div class="col-md-4">
					<img src="img/port_2.jpg" alt="">
					<h3>Smart Stationary</h3>
					<div class="text">Print Design</div>
				</div>
				<div class="col-md-4">
					<img src="img/port_3.jpg" alt="">
					<h3>Clever Poster</h3>
					<div class="text">Print Design</div>
				</div>
				<div class="col-md-4">
					<img src="img/port_4.jpg" alt="">
					<h3>Vinyl Record</h3>
					<div class="text">Product Mock-Up</div>
				</div>
				<div class="col-md-4">
					<img src="img/port_5.jpg" alt="">
					<h3>Treehouse Template</h3>
					<div class="text">Web Design</div>
				</div>
				<div class="col-md-4">
					<img src="img/port_6.jpg" alt="">
					<h3>Burned Logo</h3>
					<div class="text">Branding</div>
				</div>
			</div>
		</div>
	</div>
	<div class="about_us" id="about">
		<div class="container">
			<div class="row">
				<div class="col-md-12">
					<h2>About us</h2>
					<h4>Proin iaculis purus consequat sem cure.</h4>
				</div>
				<div class="items">
					<div class="col-md-6 left">
						<ul>
							<li>
								<h3 class="head">July 2010 </h3>
								<h3 class="sub_head">Our Humble Beginnings</h3>
								<div class="text ">Proin iaculis purus consequat sem cure digni ssim. Donec porttitora entum suscipit aenean rhoncus posuere odio in tincidunt. Proin iaculis purus consequat sem cure digni 	ssim. Donec porttitora entum suscipit.</div>
								<div class="circle"></div>
							</li>
							<li>
								<h3 class="head">December 2012 </h3>
								<h3 class="sub_head">Enter The Dark Days</h3>
								<div class="text">Proin iaculis purus consequat sem cure 
								digni ssim. Donec porttitora entum suscipit 
								aenean rhoncus posuere odio in tincidunt. Proin 
								iaculis purus consequat sem cure digni 
								ssim. Donec porttitora entum suscipit aenean 
								rhoncus posuere odio in tincidunt.</div>
								<div class="circle"></div>
							</li>
							<li>
								<div class="circle"><h3>Our Story Continues ...</h3></div>
							</li>
						</ul>
					</div>
					<div class="col-md-6 right">
						<ul>
							<li>
								<h3 class="head">January 2011 </h3>
								<h3 class="sub_head">Facing Startup Battles</h3>
								<div class="text">Proin iaculis purus consequat sem cure 
								digni ssim. Donec porttitora entum suscipit 
								aenean rhoncus posuere odio in tincidunt. Proin 
								iaculis purus consequat sem cure digni.</div>
								<div class="circle"></div>
							</li>
							<li>
								<h3 class="head">february 2014</h3>
								<h3 class="sub_head">Our Triumph</h3>
								<div class="text">Proin iaculis purus consequat sem cure 
								digni ssim. Donec porttitora entum suscipit 
								aenean rhoncus posuere odio in tincidunt. Proin 
								iaculis purus consequat sem cure digni 
								ssim. Donec porttitora entum suscipit aenean.</div>
								<div class="circle"></div>
							</li>
						</ul>
					</div>
				</div>
			</div>
		</div>
	</div>
	<div class="team">
		<div class="container">
			<div class="row">
				<div class="col-md-12">
					<h2>our amazing team</h2>
					<h4>Proin iaculis purus consequat sem cure.</h4>
				</div>
				<div class="col-md-4">
					<img src="img/about_1.jpg" alt="">
					<h3>Kimberly Thompson</h3>
					<div class="text">Marketer</div>
					<div class="social">
						<ul>
							<li><a href="#"><i class="fa fa-twitter" aria-hidden="true"></i></a></li>
							<li><a href="#"><i class="fa fa-facebook" aria-hidden="true"></i></a></li>
							<li><a href="#"><i class="fa fa-pinterest-p" aria-hidden="true"></i></a></li>
							</ul>
					</div>
				</div>
				<div class="col-md-4">
					<img src="img/about_2.jpg" alt="">
					<h3>Rico Massimo</h3>
					<div class="text">Coder</div>
					<div class="social">
						<ul>
							<li><a href="#"><i class="fa fa-twitter" aria-hidden="true"></i></a></li>
							<li><a href="#"><i class="fa fa-facebook" aria-hidden="true"></i></a></li>
							<li><a href="#"><i class="fa fa-google-plus" aria-hidden="true"></i></a></li>
							</ul>
					</div>
				</div>
				<div class="col-md-4">
					<img src="img/about_3.jpg" alt="">
					<h3>Uku Mason</h3>
					<div class="text">Graphic Designer</div>
					<div class="social">
						<ul>
							<li><a href="#"><i class="fa fa-facebook" aria-hidden="true"></i></a></li>
							<li><a href="#"><i class="fa fa-pinterest-p" aria-hidden="true"></i></a></li>
							</ul>
					</div>
				</div>
				<div class="col-md-12">
					<div class="description">Proin iaculis purus consequat sem cure  digni ssim donec porttitora entum suscipit  
aenean rhoncus posuere odio in tincidunt proin iaculis.</div>
					<div class="logo_partners">
						<img src="img/logo_1.png" alt="">
						<img src="img/logo_2.png" alt="">
						<img src="img/logo_3.png" alt="">
						<img src="img/logo_4.png" alt="">
					</div>
				</div>
			</div>
		</div>
	</div>
	<div class="contact" id="contact">
		<div class="container">
			<div class="row">
				<div class="col-md-12">
					<h2>Contact us</h2>
					<h4>Proin iaculis purus consequat sem cure.</h4>
				</div>
				<div class="form">
				<form action="">
					<div class="col-md-6">
						<input type="text" placeholder="Your name*">
						<input type="text" placeholder="Your E-mail*">
						<input type="text" placeholder="Subject">
					</div>
					<div class="col-md-6">
						<textarea type="message" placeholder="Your message*"></textarea>
					</div>
					<div class="col-md-12">
						<button class="btn_contact">send message</button>
					</div>
					</form>
				</div>
			</div>
		</div>
	</div>
	<footer class="footer">
		<div class="container">
			<div class="row">
				<div class="col-md-12">
						<div class="social">
						<ul>
							<li><a href="#"><i class="fa fa-twitter" aria-hidden="true"></i></a></li>
							<li><a href="#"><i class="fa fa-facebook" aria-hidden="true"></i></a></li>
							<li><a href="#"><i class="fa fa-pinterest-p" aria-hidden="true"></i></a></li>
							<li><a href="#"><i class="fa fa-google-plus" aria-hidden="true"></i></a></li>
						</ul>
					</div>
					<div class="copy">© Copyright 2014 FreebiesXpress.com</div>
				</div>
			</div>
		</div>
	</footer>
	
				

	<script src="https://ajax.googleapis.com/ajax/libs/jquery/3.2.1/jquery.min.js"></script>
	<script src="js/main.js"></script>
</body>
</html>